/hpc/local/Rocky8/pmc_kuiper/software/NanoCliD/NanoCliD/nanoclid_FO.py:128: SyntaxWarning: invalid escape sequence '\['
  skipRows = subprocess.check_output(f'grep -n "\[Data\]" {sampleSheet}', shell = True).decode("utf-8").split(":")[0]
A000/
A000/A000_2/
A000/A000_2/1089111_DURANG/
A000/A000_2/1089111_DURANG/20220513_1507_MN38598_FAT43285_12d8a27f/
A000/A000_2/1089111_DURANG/20220513_1507_MN38598_FAT43285_12d8a27f/pod5/
A000/A000_2/1089111_DURANG/20220513_1507_MN38598_FAT43285_12d8a27f/pod5/FAT43285_a4ad59e1_10.pod5
A000/A000_2/1089111_DURANG/20220513_1507_MN38598_FAT43285_12d8a27f/pod5/FAT43285_a4ad59e1_12.pod5
A000/A000_2/1089111_DURANG/20220513_1507_MN38598_FAT43285_12d8a27f/pod5/FAT43285_a4ad59e1_13.pod5
A000/A000_2/1089111_DURANG/20220513_1507_MN38598_FAT43285_12d8a27f/pod5/FAT43285_a4ad59e1_11.pod5
A000/A000_2/1089111_DURANG/20220513_1507_MN38598_FAT43285_12d8a27f/report_FAT43285_20220513_1512_12d8a27f.md
A000/A000_2/1089111_DURANG/20220513_1507_MN38598_FAT43285_12d8a27f/sequencing_summary_FAT43285_a4ad59e1.txt
A000/A000_1/
A000/A000_1/1089111_DURANG/
A000/A000_1/1089111_DURANG/20220512_1442_MN38598_FAT43285_5f0b6bdd/
A000/A000_1/1089111_DURANG/20220512_1442_MN38598_FAT43285_5f0b6bdd/pod5/
A000/A000_1/1089111_DURANG/20220512_1442_MN38598_FAT43285_5f0b6bdd/pod5/FAT43285_7ce34308_101.pod5
A000/A000_1/1089111_DURANG/20220512_1442_MN38598_FAT43285_5f0b6bdd/pod5/FAT43285_7ce34308_103.pod5
A000/A000_1/1089111_DURANG/20220512_1442_MN38598_FAT43285_5f0b6bdd/pod5/FAT43285_7ce34308_102.pod5
A000/A000_1/1089111_DURANG/20220512_1442_MN38598_FAT43285_5f0b6bdd/pod5/FAT43285_7ce34308_100.pod5
A000/A000_1/1089111_DURANG/20220512_1442_MN38598_FAT43285_5f0b6bdd/report_FAT43285_20220512_1444_5f0b6bdd.md
A000/A000_1/1089111_DURANG/20220512_1442_MN38598_FAT43285_5f0b6bdd/sequencing_summary_FAT43285_7ce34308.txt
Extracting data test folder...
Traceback (most recent call last):
  File "/hpc/local/Rocky8/pmc_kuiper/software/NanoCliD/NanoCliD/nanoclid_FO.py", line 1009, in <module>
    NanoClid(profile = "standalone", containersFolder=args.containersFolder, doradoModelsFolder=args.doradoModelsFolder, basecaller=args.basecaller)._runTest(args.refDir, args.profile, args.email, args.containersFolder, args.doradoModelsFolder)
  File "/hpc/local/Rocky8/pmc_kuiper/software/NanoCliD/NanoCliD/nanoclid_FO.py", line 957, in _runTest
    nanoclid._runNanoClid()
  File "/hpc/local/Rocky8/pmc_kuiper/software/NanoCliD/NanoCliD/nanoclid_FO.py", line 757, in _runNanoClid
    configFile = self.__createConfig(self.configTemplate, f"{self.outDir}/{self.run}", self.run)
                 ^^^^^^^^^^^^^^^^^^^^^^^^^^^^^^^^^^^^^^^^^^^^^^^^^^^^^^^^^^^^^^^^^^^^^^^^^^^^^^^
  File "/hpc/local/Rocky8/pmc_kuiper/software/NanoCliD/NanoCliD/nanoclid_FO.py", line 618, in __createConfig
    config = self.loadConfig(template)
             ^^^^^^^^^^^^^^^^^^^^^^^^^
  File "/hpc/local/Rocky8/pmc_kuiper/software/NanoCliD/NanoCliD/nanoclid_FO.py", line 279, in loadConfig
    with open(path, "r") as file:
         ^^^^^^^^^^^^^^^
FileNotFoundError: [Errno 2] No such file or directory: '/hpc/local/Rocky8/pmc_kuiper/software/NanoCliD/NanoCliD/data/externe/test_standalone.yaml'
